// Jest Snapshot v1, https://goo.gl/fbAQLP

exports[`Leagues test renders leagues 1`] = `
<div
  className="grid-container"
>
  <div>
    <h2>
      International leagues
    </h2>
  </div>
  <div
    className="leagues"
  />
</div>
`;
